// Jest Snapshot v1, https://goo.gl/fbAQLP

exports[`Wallet Component should render Wallet component correctly 1`] = `
"<div>
  <h2 className=\\"balance\\">
    Money Balance: 
    20
  </h2>
</div>"
`;
