// Jest Snapshot v1, https://goo.gl/fbAQLP

exports[`App Component should render App properly 1`] = `
"<div>
  <h2>
    Money Check
  </h2>
  <Connect(Wallet) />
  <Connect(Bitcoin) />
  <div className=\\"coindesk-container\\">
    Powered by
     
    <a target=\\"_blank\\" href=\\"https://www.coindesk.com/price/bitcoin\\">
      CoinDesk
    </a>
  </div>
</div>"
`;
